[INFO] Scanning for projects...
[INFO] 
[INFO] -----------------------< com.studyflow:backend >------------------------
[INFO] Building backend 0.0.1-SNAPSHOT
[INFO]   from pom.xml
[INFO] --------------------------------[ jar ]---------------------------------
[WARNING] Parameter 'encoding' is unknown for plugin 'maven-checkstyle-plugin:3.3.1:check (validate)'
[INFO] 
[INFO] --- checkstyle:3.3.1:check (validate) @ backend ---
[INFO] Starting audit...
[WARN] C:\Projects\studyflow-saas\backend\src\main\java\com\studyflow\backend\BackendApplication.java:6:1: Missing a Javadoc comment. [MissingJavadocType]
[WARN] C:\Projects\studyflow-saas\backend\src\main\java\com\studyflow\backend\BackendApplication.java:9:1: Line contains a tab character. [FileTabCharacter]
[WARN] C:\Projects\studyflow-saas\backend\src\main\java\com\studyflow\backend\BackendApplication.java:9:9: 'method def modifier' has incorrect indentation level 8, expected level should be 2. [Indentation]
[WARN] C:\Projects\studyflow-saas\backend\src\main\java\com\studyflow\backend\BackendApplication.java:10:1: Line contains a tab character. [FileTabCharacter]
[WARN] C:\Projects\studyflow-saas\backend\src\main\java\com\studyflow\backend\BackendApplication.java:10:17: 'method def' child has incorrect indentation level 16, expected level should be 4. [Indentation]
[WARN] C:\Projects\studyflow-saas\backend\src\main\java\com\studyflow\backend\BackendApplication.java:11:1: Line contains a tab character. [FileTabCharacter]
[WARN] C:\Projects\studyflow-saas\backend\src\main\java\com\studyflow\backend\BackendApplication.java:11:9: 'method def rcurly' has incorrect indentation level 8, expected level should be 2. [Indentation]
[WARN] C:\Projects\studyflow-saas\backend\src\main\java\com\studyflow\backend\config\OpenApiConfig.java:11:1: Missing a Javadoc comment. [MissingJavadocType]
[WARN] C:\Projects\studyflow-saas\backend\src\main\java\com\studyflow\backend\config\OpenApiConfig.java:14:5: 'method def modifier' has incorrect indentation level 4, expected level should be 2. [Indentation]
[WARN] C:\Projects\studyflow-saas\backend\src\main\java\com\studyflow\backend\config\OpenApiConfig.java:14:5: Missing a Javadoc comment. [MissingJavadocMethod]
[WARN] C:\Projects\studyflow-saas\backend\src\main\java\com\studyflow\backend\config\OpenApiConfig.java:15:20: Abbreviation in name 'openAPI' must contain no more than '1' consecutive capital letters. [AbbreviationAsWordInName]
[WARN] C:\Projects\studyflow-saas\backend\src\main\java\com\studyflow\backend\config\OpenApiConfig.java:16:9: 'method def' child has incorrect indentation level 8, expected level should be 4. [Indentation]
[WARN] C:\Projects\studyflow-saas\backend\src\main\java\com\studyflow\backend\config\OpenApiConfig.java:19: Line is longer than 100 characters (found 128). [LineLength]
[WARN] C:\Projects\studyflow-saas\backend\src\main\java\com\studyflow\backend\config\OpenApiConfig.java:28:5: 'method def rcurly' has incorrect indentation level 4, expected level should be 2. [Indentation]
[WARN] C:\Projects\studyflow-saas\backend\src\main\java\com\studyflow\backend\config\PasswordConfig.java:8:1: Missing a Javadoc comment. [MissingJavadocType]
[WARN] C:\Projects\studyflow-saas\backend\src\main\java\com\studyflow\backend\config\PasswordConfig.java:11:5: 'method def modifier' has incorrect indentation level 4, expected level should be 2. [Indentation]
[WARN] C:\Projects\studyflow-saas\backend\src\main\java\com\studyflow\backend\config\PasswordConfig.java:13:9: 'method def' child has incorrect indentation level 8, expected level should be 4. [Indentation]
[WARN] C:\Projects\studyflow-saas\backend\src\main\java\com\studyflow\backend\config\PasswordConfig.java:14:5: 'method def rcurly' has incorrect indentation level 4, expected level should be 2. [Indentation]
[WARN] C:\Projects\studyflow-saas\backend\src\main\java\com\studyflow\backend\config\SecurityConfig.java:23:1: Extra separation in import group before 'java.util.Arrays' [CustomImportOrder]
[WARN] C:\Projects\studyflow-saas\backend\src\main\java\com\studyflow\backend\config\SecurityConfig.java:23:1: Wrong lexicographical order for 'java.util.Arrays' import. Should be before 'org.springframework.web.cors.UrlBasedCorsConfigurationSource'. [CustomImportOrder]
[WARN] C:\Projects\studyflow-saas\backend\src\main\java\com\studyflow\backend\config\SecurityConfig.java:24:1: Wrong lexicographical order for 'java.util.List' import. Should be before 'org.springframework.web.cors.UrlBasedCorsConfigurationSource'. [CustomImportOrder]
[WARN] C:\Projects\studyflow-saas\backend\src\main\java\com\studyflow\backend\config\SecurityConfig.java:26:1: Missing a Javadoc comment. [MissingJavadocType]
[WARN] C:\Projects\studyflow-saas\backend\src\main\java\com\studyflow\backend\config\SecurityConfig.java:31:5: 'member def modifier' has incorrect indentation level 4, expected level should be 2. [Indentation]
[WARN] C:\Projects\studyflow-saas\backend\src\main\java\com\studyflow\backend\config\SecurityConfig.java:32:5: 'member def modifier' has incorrect indentation level 4, expected level should be 2. [Indentation]
[WARN] C:\Projects\studyflow-saas\backend\src\main\java\com\studyflow\backend\config\SecurityConfig.java:34:5: 'member def modifier' has incorrect indentation level 4, expected level should be 2. [Indentation]
[WARN] C:\Projects\studyflow-saas\backend\src\main\java\com\studyflow\backend\config\SecurityConfig.java:37:5: 'method def modifier' has incorrect indentation level 4, expected level should be 2. [Indentation]
[WARN] C:\Projects\studyflow-saas\backend\src\main\java\com\studyflow\backend\config\SecurityConfig.java:38: Line is longer than 100 characters (found 113). [LineLength]
[WARN] C:\Projects\studyflow-saas\backend\src\main\java\com\studyflow\backend\config\SecurityConfig.java:39:9: 'method def' child has incorrect indentation level 8, expected level should be 4. [Indentation]
[WARN] C:\Projects\studyflow-saas\backend\src\main\java\com\studyflow\backend\config\SecurityConfig.java:40:5: 'method def rcurly' has incorrect indentation level 4, expected level should be 2. [Indentation]
[WARN] C:\Projects\studyflow-saas\backend\src\main\java\com\studyflow\backend\config\SecurityConfig.java:42:5: 'method def modifier' has incorrect indentation level 4, expected level should be 2. [Indentation]
[WARN] C:\Projects\studyflow-saas\backend\src\main\java\com\studyflow\backend\config\SecurityConfig.java:42:5: Missing a Javadoc comment. [MissingJavadocMethod]
[WARN] C:\Projects\studyflow-saas\backend\src\main\java\com\studyflow\backend\config\SecurityConfig.java:44:9: 'method def' child has incorrect indentation level 8, expected level should be 4. [Indentation]
[WARN] C:\Projects\studyflow-saas\backend\src\main\java\com\studyflow\backend\config\SecurityConfig.java:50: Line is longer than 100 characters (found 109). [LineLength]
[WARN] C:\Projects\studyflow-saas\backend\src\main\java\com\studyflow\backend\config\SecurityConfig.java:53: Line is longer than 100 characters (found 103). [LineLength]
[WARN] C:\Projects\studyflow-saas\backend\src\main\java\com\studyflow\backend\config\SecurityConfig.java:54: Line is longer than 100 characters (found 102). [LineLength]
[WARN] C:\Projects\studyflow-saas\backend\src\main\java\com\studyflow\backend\config\SecurityConfig.java:56:9: 'method def' child has incorrect indentation level 8, expected level should be 4. [Indentation]
[WARN] C:\Projects\studyflow-saas\backend\src\main\java\com\studyflow\backend\config\SecurityConfig.java:57:5: 'method def rcurly' has incorrect indentation level 4, expected level should be 2. [Indentation]
[WARN] C:\Projects\studyflow-saas\backend\src\main\java\com\studyflow\backend\config\SecurityConfig.java:59:5: 'method def modifier' has incorrect indentation level 4, expected level should be 2. [Indentation]
[WARN] C:\Projects\studyflow-saas\backend\src\main\java\com\studyflow\backend\config\SecurityConfig.java:59:5: Missing a Javadoc comment. [MissingJavadocMethod]
[WARN] C:\Projects\studyflow-saas\backend\src\main\java\com\studyflow\backend\config\SecurityConfig.java:61:9: 'method def' child has incorrect indentation level 8, expected level should be 4. [Indentation]
[WARN] C:\Projects\studyflow-saas\backend\src\main\java\com\studyflow\backend\config\SecurityConfig.java:62:9: 'method def' child has incorrect indentation level 8, expected level should be 4. [Indentation]
[WARN] C:\Projects\studyflow-saas\backend\src\main\java\com\studyflow\backend\config\SecurityConfig.java:63:9: 'method def' child has incorrect indentation level 8, expected level should be 4. [Indentation]
[WARN] C:\Projects\studyflow-saas\backend\src\main\java\com\studyflow\backend\config\SecurityConfig.java:64:9: 'method def' child has incorrect indentation level 8, expected level should be 4. [Indentation]
[WARN] C:\Projects\studyflow-saas\backend\src\main\java\com\studyflow\backend\config\SecurityConfig.java:65:9: 'method def' child has incorrect indentation level 8, expected level should be 4. [Indentation]
[WARN] C:\Projects\studyflow-saas\backend\src\main\java\com\studyflow\backend\config\SecurityConfig.java:67:9: 'method def' child has incorrect indentation level 8, expected level should be 4. [Indentation]
[WARN] C:\Projects\studyflow-saas\backend\src\main\java\com\studyflow\backend\config\SecurityConfig.java:68:9: 'method def' child has incorrect indentation level 8, expected level should be 4. [Indentation]
[WARN] C:\Projects\studyflow-saas\backend\src\main\java\com\studyflow\backend\config\SecurityConfig.java:69:9: 'method def' child has incorrect indentation level 8, expected level should be 4. [Indentation]
[WARN] C:\Projects\studyflow-saas\backend\src\main\java\com\studyflow\backend\config\SecurityConfig.java:70:5: 'method def rcurly' has incorrect indentation level 4, expected level should be 2. [Indentation]
[WARN] C:\Projects\studyflow-saas\backend\src\main\java\com\studyflow\backend\controller\AuthController.java:17:47: Using the '.*' form of import should be avoided - org.springframework.web.bind.annotation.*. [AvoidStarImport]
[WARN] C:\Projects\studyflow-saas\backend\src\main\java\com\studyflow\backend\controller\AuthController.java:19:1: Extra separation in import group before 'java.util.Map' [CustomImportOrder]
[WARN] C:\Projects\studyflow-saas\backend\src\main\java\com\studyflow\backend\controller\AuthController.java:19:1: Wrong lexicographical order for 'java.util.Map' import. Should be before 'org.springframework.web.bind.annotation.*'. [CustomImportOrder]
[WARN] C:\Projects\studyflow-saas\backend\src\main\java\com\studyflow\backend\controller\AuthController.java:21:1: Missing a Javadoc comment. [MissingJavadocType]
[WARN] C:\Projects\studyflow-saas\backend\src\main\java\com\studyflow\backend\controller\AuthController.java:27:5: 'member def modifier' has incorrect indentation level 4, expected level should be 2. [Indentation]
[WARN] C:\Projects\studyflow-saas\backend\src\main\java\com\studyflow\backend\controller\AuthController.java:28:5: 'member def modifier' has incorrect indentation level 4, expected level should be 2. [Indentation]
[WARN] C:\Projects\studyflow-saas\backend\src\main\java\com\studyflow\backend\controller\AuthController.java:29:5: 'member def modifier' has incorrect indentation level 4, expected level should be 2. [Indentation]
[WARN] C:\Projects\studyflow-saas\backend\src\main\java\com\studyflow\backend\controller\AuthController.java:31:5: 'method def modifier' has incorrect indentation level 4, expected level should be 2. [Indentation]
[WARN] C:\Projects\studyflow-saas\backend\src\main\java\com\studyflow\backend\controller\AuthController.java:31:5: Missing a Javadoc comment. [MissingJavadocMethod]
[WARN] C:\Projects\studyflow-saas\backend\src\main\java\com\studyflow\backend\controller\AuthController.java:53:9: 'method def' child has incorrect indentation level 8, expected level should be 4. [Indentation]
[WARN] C:\Projects\studyflow-saas\backend\src\main\java\com\studyflow\backend\controller\AuthController.java:54: Line is longer than 100 characters (found 112). [LineLength]
[WARN] C:\Projects\studyflow-saas\backend\src\main\java\com\studyflow\backend\controller\AuthController.java:56:9: 'if' has incorrect indentation level 8, expected level should be 4. [Indentation]
[WARN] C:\Projects\studyflow-saas\backend\src\main\java\com\studyflow\backend\controller\AuthController.java:57:13: 'if' child has incorrect indentation level 12, expected level should be 6. [Indentation]
[WARN] C:\Projects\studyflow-saas\backend\src\main\java\com\studyflow\backend\controller\AuthController.java:58:9: 'if rcurly' has incorrect indentation level 8, expected level should be 4. [Indentation]
[WARN] C:\Projects\studyflow-saas\backend\src\main\java\com\studyflow\backend\controller\AuthController.java:60:9: 'method def' child has incorrect indentation level 8, expected level should be 4. [Indentation]
[WARN] C:\Projects\studyflow-saas\backend\src\main\java\com\studyflow\backend\controller\AuthController.java:62:9: 'method def' child has incorrect indentation level 8, expected level should be 4. [Indentation]
[WARN] C:\Projects\studyflow-saas\backend\src\main\java\com\studyflow\backend\controller\AuthController.java:63:5: 'method def rcurly' has incorrect indentation level 4, expected level should be 2. [Indentation]
[WARN] C:\Projects\studyflow-saas\backend\src\main\java\com\studyflow\backend\controller\StudyItemController.java:19:47: Using the '.*' form of import should be avoided - org.springframework.web.bind.annotation.*. [AvoidStarImport]
[WARN] C:\Projects\studyflow-saas\backend\src\main\java\com\studyflow\backend\controller\StudyItemController.java:21:1: Extra separation in import group before 'java.util.List' [CustomImportOrder]
[WARN] C:\Projects\studyflow-saas\backend\src\main\java\com\studyflow\backend\controller\StudyItemController.java:21:1: Wrong lexicographical order for 'java.util.List' import. Should be before 'org.springframework.web.bind.annotation.*'. [CustomImportOrder]
[WARN] C:\Projects\studyflow-saas\backend\src\main\java\com\studyflow\backend\controller\StudyItemController.java:23:1: Missing a Javadoc comment. [MissingJavadocType]
[WARN] C:\Projects\studyflow-saas\backend\src\main\java\com\studyflow\backend\controller\StudyItemController.java:30:5: 'member def modifier' has incorrect indentation level 4, expected level should be 2. [Indentation]
[WARN] C:\Projects\studyflow-saas\backend\src\main\java\com\studyflow\backend\controller\StudyItemController.java:31:5: 'member def modifier' has incorrect indentation level 4, expected level should be 2. [Indentation]
[WARN] C:\Projects\studyflow-saas\backend\src\main\java\com\studyflow\backend\controller\StudyItemController.java:33:5: 'method def modifier' has incorrect indentation level 4, expected level should be 2. [Indentation]
[WARN] C:\Projects\studyflow-saas\backend\src\main\java\com\studyflow\backend\controller\StudyItemController.java:44: Line is longer than 100 characters (found 116). [LineLength]
[WARN] C:\Projects\studyflow-saas\backend\src\main\java\com\studyflow\backend\controller\StudyItemController.java:45:9: 'method def' child has incorrect indentation level 8, expected level should be 4. [Indentation]
[WARN] C:\Projects\studyflow-saas\backend\src\main\java\com\studyflow\backend\controller\StudyItemController.java:46:9: 'method def' child has incorrect indentation level 8, expected level should be 4. [Indentation]
[WARN] C:\Projects\studyflow-saas\backend\src\main\java\com\studyflow\backend\controller\StudyItemController.java:47:5: 'method def rcurly' has incorrect indentation level 4, expected level should be 2. [Indentation]
[WARN] C:\Projects\studyflow-saas\backend\src\main\java\com\studyflow\backend\controller\StudyItemController.java:49:5: 'method def modifier' has incorrect indentation level 4, expected level should be 2. [Indentation]
[WARN] C:\Projects\studyflow-saas\backend\src\main\java\com\studyflow\backend\controller\StudyItemController.java:56:9: 'method def' child has incorrect indentation level 8, expected level should be 4. [Indentation]
[WARN] C:\Projects\studyflow-saas\backend\src\main\java\com\studyflow\backend\controller\StudyItemController.java:57:9: 'method def' child has incorrect indentation level 8, expected level should be 4. [Indentation]
[WARN] C:\Projects\studyflow-saas\backend\src\main\java\com\studyflow\backend\controller\StudyItemController.java:58:5: 'method def rcurly' has incorrect indentation level 4, expected level should be 2. [Indentation]
[WARN] C:\Projects\studyflow-saas\backend\src\main\java\com\studyflow\backend\controller\StudyItemController.java:60:5: 'method def modifier' has incorrect indentation level 4, expected level should be 2. [Indentation]
[WARN] C:\Projects\studyflow-saas\backend\src\main\java\com\studyflow\backend\controller\StudyItemController.java:67: Line is longer than 100 characters (found 101). [LineLength]
[WARN] C:\Projects\studyflow-saas\backend\src\main\java\com\studyflow\backend\controller\StudyItemController.java:71: Line is longer than 100 characters (found 106). [LineLength]
[WARN] C:\Projects\studyflow-saas\backend\src\main\java\com\studyflow\backend\controller\StudyItemController.java:73:9: 'method def' child has incorrect indentation level 8, expected level should be 4. [Indentation]
[WARN] C:\Projects\studyflow-saas\backend\src\main\java\com\studyflow\backend\controller\StudyItemController.java:74:9: 'method def' child has incorrect indentation level 8, expected level should be 4. [Indentation]
[WARN] C:\Projects\studyflow-saas\backend\src\main\java\com\studyflow\backend\controller\StudyItemController.java:75:5: 'method def rcurly' has incorrect indentation level 4, expected level should be 2. [Indentation]
[WARN] C:\Projects\studyflow-saas\backend\src\main\java\com\studyflow\backend\controller\StudyItemController.java:77:5: 'method def modifier' has incorrect indentation level 4, expected level should be 2. [Indentation]
[WARN] C:\Projects\studyflow-saas\backend\src\main\java\com\studyflow\backend\controller\StudyItemController.java:77:5: Missing a Javadoc comment. [MissingJavadocMethod]
[WARN] C:\Projects\studyflow-saas\backend\src\main\java\com\studyflow\backend\controller\StudyItemController.java:80: Line is longer than 100 characters (found 101). [LineLength]
[WARN] C:\Projects\studyflow-saas\backend\src\main\java\com\studyflow\backend\controller\StudyItemController.java:85:9: 'method def' child has incorrect indentation level 8, expected level should be 4. [Indentation]
[WARN] C:\Projects\studyflow-saas\backend\src\main\java\com\studyflow\backend\controller\StudyItemController.java:86:9: 'method def' child has incorrect indentation level 8, expected level should be 4. [Indentation]
[WARN] C:\Projects\studyflow-saas\backend\src\main\java\com\studyflow\backend\controller\StudyItemController.java:87:9: 'method def' child has incorrect indentation level 8, expected level should be 4. [Indentation]
[WARN] C:\Projects\studyflow-saas\backend\src\main\java\com\studyflow\backend\controller\StudyItemController.java:88:5: 'method def rcurly' has incorrect indentation level 4, expected level should be 2. [Indentation]
[WARN] C:\Projects\studyflow-saas\backend\src\main\java\com\studyflow\backend\controller\StudyItemController.java:90:5: 'method def modifier' has incorrect indentation level 4, expected level should be 2. [Indentation]
[WARN] C:\Projects\studyflow-saas\backend\src\main\java\com\studyflow\backend\controller\StudyItemController.java:91:9: 'method def' child has incorrect indentation level 8, expected level should be 4. [Indentation]
[WARN] C:\Projects\studyflow-saas\backend\src\main\java\com\studyflow\backend\controller\StudyItemController.java:92:9: 'method def' child has incorrect indentation level 8, expected level should be 4. [Indentation]
[WARN] C:\Projects\studyflow-saas\backend\src\main\java\com\studyflow\backend\controller\StudyItemController.java:94:5: 'method def rcurly' has incorrect indentation level 4, expected level should be 2. [Indentation]
[WARN] C:\Projects\studyflow-saas\backend\src\main\java\com\studyflow\backend\controller\UserController.java:16:47: Using the '.*' form of import should be avoided - org.springframework.web.bind.annotation.*. [AvoidStarImport]
[WARN] C:\Projects\studyflow-saas\backend\src\main\java\com\studyflow\backend\controller\UserController.java:18:1: Extra separation in import group before 'java.util.List' [CustomImportOrder]
[WARN] C:\Projects\studyflow-saas\backend\src\main\java\com\studyflow\backend\controller\UserController.java:18:1: Wrong lexicographical order for 'java.util.List' import. Should be before 'org.springframework.web.bind.annotation.*'. [CustomImportOrder]
[WARN] C:\Projects\studyflow-saas\backend\src\main\java\com\studyflow\backend\controller\UserController.java:20:1: Missing a Javadoc comment. [MissingJavadocType]
[WARN] C:\Projects\studyflow-saas\backend\src\main\java\com\studyflow\backend\controller\UserController.java:26:5: 'member def modifier' has incorrect indentation level 4, expected level should be 2. [Indentation]
[WARN] C:\Projects\studyflow-saas\backend\src\main\java\com\studyflow\backend\controller\UserController.java:28:5: 'method def modifier' has incorrect indentation level 4, expected level should be 2. [Indentation]
[WARN] C:\Projects\studyflow-saas\backend\src\main\java\com\studyflow\backend\controller\UserController.java:42: Line is longer than 100 characters (found 102). [LineLength]
[WARN] C:\Projects\studyflow-saas\backend\src\main\java\com\studyflow\backend\controller\UserController.java:53:9: 'method def' child has incorrect indentation level 8, expected level should be 4. [Indentation]
[WARN] C:\Projects\studyflow-saas\backend\src\main\java\com\studyflow\backend\controller\UserController.java:54:5: 'method def rcurly' has incorrect indentation level 4, expected level should be 2. [Indentation]
[WARN] C:\Projects\studyflow-saas\backend\src\main\java\com\studyflow\backend\controller\UserController.java:56:5: 'method def modifier' has incorrect indentation level 4, expected level should be 2. [Indentation]
[WARN] C:\Projects\studyflow-saas\backend\src\main\java\com\studyflow\backend\controller\UserController.java:67:9: 'method def' child has incorrect indentation level 8, expected level should be 4. [Indentation]
[WARN] C:\Projects\studyflow-saas\backend\src\main\java\com\studyflow\backend\controller\UserController.java:68:5: 'method def rcurly' has incorrect indentation level 4, expected level should be 2. [Indentation]
[WARN] C:\Projects\studyflow-saas\backend\src\main\java\com\studyflow\backend\controller\UserController.java:70:5: 'method def modifier' has incorrect indentation level 4, expected level should be 2. [Indentation]
[WARN] C:\Projects\studyflow-saas\backend\src\main\java\com\studyflow\backend\controller\UserController.java:81:9: 'method def' child has incorrect indentation level 8, expected level should be 4. [Indentation]
[WARN] C:\Projects\studyflow-saas\backend\src\main\java\com\studyflow\backend\controller\UserController.java:82:9: 'method def' child has incorrect indentation level 8, expected level should be 4. [Indentation]
[WARN] C:\Projects\studyflow-saas\backend\src\main\java\com\studyflow\backend\controller\UserController.java:83:5: 'method def rcurly' has incorrect indentation level 4, expected level should be 2. [Indentation]
[WARN] C:\Projects\studyflow-saas\backend\src\main\java\com\studyflow\backend\dto\LoginRequest.java:7:1: Missing a Javadoc comment. [MissingJavadocType]
[WARN] C:\Projects\studyflow-saas\backend\src\main\java\com\studyflow\backend\dto\LoginRequest.java:11:5: 'member def modifier' has incorrect indentation level 4, expected level should be 2. [Indentation]
[WARN] C:\Projects\studyflow-saas\backend\src\main\java\com\studyflow\backend\dto\LoginRequest.java:14:5: 'member def modifier' has incorrect indentation level 4, expected level should be 2. [Indentation]
[WARN] C:\Projects\studyflow-saas\backend\src\main\java\com\studyflow\backend\dto\LoginRequest.java:17:5: 'method def modifier' has incorrect indentation level 4, expected level should be 2. [Indentation]
[WARN] C:\Projects\studyflow-saas\backend\src\main\java\com\studyflow\backend\dto\LoginRequest.java:18:9: 'method def' child has incorrect indentation level 8, expected level should be 4. [Indentation]
[WARN] C:\Projects\studyflow-saas\backend\src\main\java\com\studyflow\backend\dto\LoginRequest.java:19:5: 'method def rcurly' has incorrect indentation level 4, expected level should be 2. [Indentation]
[WARN] C:\Projects\studyflow-saas\backend\src\main\java\com\studyflow\backend\dto\LoginRequest.java:21:5: 'method def modifier' has incorrect indentation level 4, expected level should be 2. [Indentation]
[WARN] C:\Projects\studyflow-saas\backend\src\main\java\com\studyflow\backend\dto\LoginRequest.java:22:9: 'method def' child has incorrect indentation level 8, expected level should be 4. [Indentation]
[WARN] C:\Projects\studyflow-saas\backend\src\main\java\com\studyflow\backend\dto\LoginRequest.java:23:5: 'method def rcurly' has incorrect indentation level 4, expected level should be 2. [Indentation]
[WARN] C:\Projects\studyflow-saas\backend\src\main\java\com\studyflow\backend\dto\StudyItemRequestDTO.java:6:14: Using the '.*' form of import should be avoided - lombok.*. [AvoidStarImport]
[WARN] C:\Projects\studyflow-saas\backend\src\main\java\com\studyflow\backend\dto\StudyItemRequestDTO.java:8:1: Missing a Javadoc comment. [MissingJavadocType]
[WARN] C:\Projects\studyflow-saas\backend\src\main\java\com\studyflow\backend\dto\StudyItemRequestDTO.java:14:14: Abbreviation in name 'StudyItemRequestDTO' must contain no more than '1' consecutive capital letters. [AbbreviationAsWordInName]
[WARN] C:\Projects\studyflow-saas\backend\src\main\java\com\studyflow\backend\dto\StudyItemRequestDTO.java:16:5: 'member def modifier' has incorrect indentation level 4, expected level should be 2. [Indentation]
[WARN] C:\Projects\studyflow-saas\backend\src\main\java\com\studyflow\backend\dto\StudyItemRequestDTO.java:18: Line is longer than 100 characters (found 131). [LineLength]
[WARN] C:\Projects\studyflow-saas\backend\src\main\java\com\studyflow\backend\dto\StudyItemRequestDTO.java:21:5: 'member def modifier' has incorrect indentation level 4, expected level should be 2. [Indentation]
[WARN] C:\Projects\studyflow-saas\backend\src\main\java\com\studyflow\backend\dto\StudyItemRequestDTO.java:22: Line is longer than 100 characters (found 109). [LineLength]
[WARN] C:\Projects\studyflow-saas\backend\src\main\java\com\studyflow\backend\dto\StudyItemResponseDTO.java:3:14: Using the '.*' form of import should be avoided - lombok.*. [AvoidStarImport]
[WARN] C:\Projects\studyflow-saas\backend\src\main\java\com\studyflow\backend\dto\StudyItemResponseDTO.java:5:1: Extra separation in import group before 'java.time.LocalDateTime' [CustomImportOrder]
[WARN] C:\Projects\studyflow-saas\backend\src\main\java\com\studyflow\backend\dto\StudyItemResponseDTO.java:5:1: Wrong lexicographical order for 'java.time.LocalDateTime' import. Should be before 'lombok.*'. [CustomImportOrder]
[WARN] C:\Projects\studyflow-saas\backend\src\main\java\com\studyflow\backend\dto\StudyItemResponseDTO.java:7:1: Missing a Javadoc comment. [MissingJavadocType]
[WARN] C:\Projects\studyflow-saas\backend\src\main\java\com\studyflow\backend\dto\StudyItemResponseDTO.java:12:14: Abbreviation in name 'StudyItemResponseDTO' must contain no more than '1' consecutive capital letters. [AbbreviationAsWordInName]
[WARN] C:\Projects\studyflow-saas\backend\src\main\java\com\studyflow\backend\dto\StudyItemResponseDTO.java:14:5: 'member def modifier' has incorrect indentation level 4, expected level should be 2. [Indentation]
[WARN] C:\Projects\studyflow-saas\backend\src\main\java\com\studyflow\backend\dto\StudyItemResponseDTO.java:15:5: 'member def modifier' has incorrect indentation level 4, expected level should be 2. [Indentation]
[WARN] C:\Projects\studyflow-saas\backend\src\main\java\com\studyflow\backend\dto\StudyItemResponseDTO.java:16:5: 'member def modifier' has incorrect indentation level 4, expected level should be 2. [Indentation]
[WARN] C:\Projects\studyflow-saas\backend\src\main\java\com\studyflow\backend\dto\StudyItemResponseDTO.java:17:5: 'member def modifier' has incorrect indentation level 4, expected level should be 2. [Indentation]
[WARN] C:\Projects\studyflow-saas\backend\src\main\java\com\studyflow\backend\dto\UserRequestDTO.java:9:1: Missing a Javadoc comment. [MissingJavadocType]
[WARN] C:\Projects\studyflow-saas\backend\src\main\java\com\studyflow\backend\dto\UserRequestDTO.java:12:14: Abbreviation in name 'UserRequestDTO' must contain no more than '1' consecutive capital letters. [AbbreviationAsWordInName]
[WARN] C:\Projects\studyflow-saas\backend\src\main\java\com\studyflow\backend\dto\UserRequestDTO.java:14:5: 'member def modifier' has incorrect indentation level 4, expected level should be 2. [Indentation]
[WARN] C:\Projects\studyflow-saas\backend\src\main\java\com\studyflow\backend\dto\UserRequestDTO.java:15: Line is longer than 100 characters (found 111). [LineLength]
[WARN] C:\Projects\studyflow-saas\backend\src\main\java\com\studyflow\backend\dto\UserRequestDTO.java:18:5: 'member def modifier' has incorrect indentation level 4, expected level should be 2. [Indentation]
[WARN] C:\Projects\studyflow-saas\backend\src\main\java\com\studyflow\backend\dto\UserRequestDTO.java:20: Line is longer than 100 characters (found 118). [LineLength]
[WARN] C:\Projects\studyflow-saas\backend\src\main\java\com\studyflow\backend\dto\UserRequestDTO.java:23:5: 'member def modifier' has incorrect indentation level 4, expected level should be 2. [Indentation]
[WARN] C:\Projects\studyflow-saas\backend\src\main\java\com\studyflow\backend\dto\UserRequestDTO.java:24: Line is longer than 100 characters (found 111). [LineLength]
[WARN] C:\Projects\studyflow-saas\backend\src\main\java\com\studyflow\backend\dto\UserResponseDTO.java:6:1: Missing a Javadoc comment. [MissingJavadocType]
[WARN] C:\Projects\studyflow-saas\backend\src\main\java\com\studyflow\backend\dto\UserResponseDTO.java:8:14: Abbreviation in name 'UserResponseDTO' must contain no more than '1' consecutive capital letters. [AbbreviationAsWordInName]
[WARN] C:\Projects\studyflow-saas\backend\src\main\java\com\studyflow\backend\dto\UserResponseDTO.java:10:5: 'member def modifier' has incorrect indentation level 4, expected level should be 2. [Indentation]
[WARN] C:\Projects\studyflow-saas\backend\src\main\java\com\studyflow\backend\dto\UserResponseDTO.java:11:5: 'member def modifier' has incorrect indentation level 4, expected level should be 2. [Indentation]
[WARN] C:\Projects\studyflow-saas\backend\src\main\java\com\studyflow\backend\dto\UserResponseDTO.java:12:5: 'member def modifier' has incorrect indentation level 4, expected level should be 2. [Indentation]
[WARN] C:\Projects\studyflow-saas\backend\src\main\java\com\studyflow\backend\entity\StudyItem.java:3:27: Using the '.*' form of import should be avoided - jakarta.persistence.*. [AvoidStarImport]
[WARN] C:\Projects\studyflow-saas\backend\src\main\java\com\studyflow\backend\entity\StudyItem.java:4:14: Using the '.*' form of import should be avoided - lombok.*. [AvoidStarImport]
[WARN] C:\Projects\studyflow-saas\backend\src\main\java\com\studyflow\backend\entity\StudyItem.java:6:1: Extra separation in import group before 'java.time.LocalDateTime' [CustomImportOrder]
[WARN] C:\Projects\studyflow-saas\backend\src\main\java\com\studyflow\backend\entity\StudyItem.java:6:1: Wrong lexicographical order for 'java.time.LocalDateTime' import. Should be before 'lombok.*'. [CustomImportOrder]
[WARN] C:\Projects\studyflow-saas\backend\src\main\java\com\studyflow\backend\entity\StudyItem.java:8:1: Missing a Javadoc comment. [MissingJavadocType]
[WARN] C:\Projects\studyflow-saas\backend\src\main\java\com\studyflow\backend\entity\StudyItem.java:17:5: 'member def modifier' has incorrect indentation level 4, expected level should be 2. [Indentation]
[WARN] C:\Projects\studyflow-saas\backend\src\main\java\com\studyflow\backend\entity\StudyItem.java:21:5: 'member def modifier' has incorrect indentation level 4, expected level should be 2. [Indentation]
[WARN] C:\Projects\studyflow-saas\backend\src\main\java\com\studyflow\backend\entity\StudyItem.java:24:5: 'member def modifier' has incorrect indentation level 4, expected level should be 2. [Indentation]
[WARN] C:\Projects\studyflow-saas\backend\src\main\java\com\studyflow\backend\entity\StudyItem.java:27:5: 'member def modifier' has incorrect indentation level 4, expected level should be 2. [Indentation]
[WARN] C:\Projects\studyflow-saas\backend\src\main\java\com\studyflow\backend\entity\StudyItem.java:29:5: 'member def modifier' has incorrect indentation level 4, expected level should be 2. [Indentation]
[WARN] C:\Projects\studyflow-saas\backend\src\main\java\com\studyflow\backend\entity\User.java:3:27: Using the '.*' form of import should be avoided - jakarta.persistence.*. [AvoidStarImport]
[WARN] C:\Projects\studyflow-saas\backend\src\main\java\com\studyflow\backend\entity\User.java:4:14: Using the '.*' form of import should be avoided - lombok.*. [AvoidStarImport]
[WARN] C:\Projects\studyflow-saas\backend\src\main\java\com\studyflow\backend\entity\User.java:6:1: Missing a Javadoc comment. [MissingJavadocType]
[WARN] C:\Projects\studyflow-saas\backend\src\main\java\com\studyflow\backend\entity\User.java:15:5: 'member def modifier' has incorrect indentation level 4, expected level should be 2. [Indentation]
[WARN] C:\Projects\studyflow-saas\backend\src\main\java\com\studyflow\backend\entity\User.java:19:5: 'member def modifier' has incorrect indentation level 4, expected level should be 2. [Indentation]
[WARN] C:\Projects\studyflow-saas\backend\src\main\java\com\studyflow\backend\entity\User.java:22:5: 'member def modifier' has incorrect indentation level 4, expected level should be 2. [Indentation]
[WARN] C:\Projects\studyflow-saas\backend\src\main\java\com\studyflow\backend\entity\User.java:25:5: 'member def modifier' has incorrect indentation level 4, expected level should be 2. [Indentation]
[WARN] C:\Projects\studyflow-saas\backend\src\main\java\com\studyflow\backend\exception\AuthenticationException.java:3:1: Missing a Javadoc comment. [MissingJavadocType]
[WARN] C:\Projects\studyflow-saas\backend\src\main\java\com\studyflow\backend\exception\AuthenticationException.java:4:5: 'ctor def modifier' has incorrect indentation level 4, expected level should be 2. [Indentation]
[WARN] C:\Projects\studyflow-saas\backend\src\main\java\com\studyflow\backend\exception\AuthenticationException.java:5:9: 'ctor def' child has incorrect indentation level 8, expected level should be 4. [Indentation]
[WARN] C:\Projects\studyflow-saas\backend\src\main\java\com\studyflow\backend\exception\AuthenticationException.java:6:5: 'ctor def rcurly' has incorrect indentation level 4, expected level should be 2. [Indentation]
[WARN] C:\Projects\studyflow-saas\backend\src\main\java\com\studyflow\backend\exception\GlobalExceptionHandler.java:11:1: Extra separation in import group before 'java.time.Instant' [CustomImportOrder]
[WARN] C:\Projects\studyflow-saas\backend\src\main\java\com\studyflow\backend\exception\GlobalExceptionHandler.java:11:1: Wrong lexicographical order for 'java.time.Instant' import. Should be before 'org.springframework.web.bind.annotation.RestControllerAdvice'. [CustomImportOrder]
[WARN] C:\Projects\studyflow-saas\backend\src\main\java\com\studyflow\backend\exception\GlobalExceptionHandler.java:12:1: Wrong lexicographical order for 'java.util.HashMap' import. Should be before 'org.springframework.web.bind.annotation.RestControllerAdvice'. [CustomImportOrder]
[WARN] C:\Projects\studyflow-saas\backend\src\main\java\com\studyflow\backend\exception\GlobalExceptionHandler.java:13:1: Wrong lexicographical order for 'java.util.Map' import. Should be before 'org.springframework.web.bind.annotation.RestControllerAdvice'. [CustomImportOrder]
[WARN] C:\Projects\studyflow-saas\backend\src\main\java\com\studyflow\backend\exception\GlobalExceptionHandler.java:15:1: Missing a Javadoc comment. [MissingJavadocType]
[WARN] C:\Projects\studyflow-saas\backend\src\main\java\com\studyflow\backend\exception\GlobalExceptionHandler.java:19:5: 'method def modifier' has incorrect indentation level 4, expected level should be 2. [Indentation]
[WARN] C:\Projects\studyflow-saas\backend\src\main\java\com\studyflow\backend\exception\GlobalExceptionHandler.java:19:5: Missing a Javadoc comment. [MissingJavadocMethod]
[WARN] C:\Projects\studyflow-saas\backend\src\main\java\com\studyflow\backend\exception\GlobalExceptionHandler.java:20: Line is longer than 100 characters (found 107). [LineLength]
[WARN] C:\Projects\studyflow-saas\backend\src\main\java\com\studyflow\backend\exception\GlobalExceptionHandler.java:22:9: 'method def' child has incorrect indentation level 8, expected level should be 4. [Indentation]
[WARN] C:\Projects\studyflow-saas\backend\src\main\java\com\studyflow\backend\exception\GlobalExceptionHandler.java:24:9: 'method def' child has incorrect indentation level 8, expected level should be 4. [Indentation]
[WARN] C:\Projects\studyflow-saas\backend\src\main\java\com\studyflow\backend\exception\GlobalExceptionHandler.java:26:9: 'method call rparen' has incorrect indentation level 8, expected level should be 4. [Indentation]
[WARN] C:\Projects\studyflow-saas\backend\src\main\java\com\studyflow\backend\exception\GlobalExceptionHandler.java:28:9: 'method def' child has incorrect indentation level 8, expected level should be 4. [Indentation]
[WARN] C:\Projects\studyflow-saas\backend\src\main\java\com\studyflow\backend\exception\GlobalExceptionHandler.java:29:9: 'method def' child has incorrect indentation level 8, expected level should be 4. [Indentation]
[WARN] C:\Projects\studyflow-saas\backend\src\main\java\com\studyflow\backend\exception\GlobalExceptionHandler.java:30:9: 'method def' child has incorrect indentation level 8, expected level should be 4. [Indentation]
[WARN] C:\Projects\studyflow-saas\backend\src\main\java\com\studyflow\backend\exception\GlobalExceptionHandler.java:31:9: 'method def' child has incorrect indentation level 8, expected level should be 4. [Indentation]
[WARN] C:\Projects\studyflow-saas\backend\src\main\java\com\studyflow\backend\exception\GlobalExceptionHandler.java:33:9: 'method def' child has incorrect indentation level 8, expected level should be 4. [Indentation]
[WARN] C:\Projects\studyflow-saas\backend\src\main\java\com\studyflow\backend\exception\GlobalExceptionHandler.java:34:5: 'method def rcurly' has incorrect indentation level 4, expected level should be 2. [Indentation]
[WARN] C:\Projects\studyflow-saas\backend\src\main\java\com\studyflow\backend\exception\GlobalExceptionHandler.java:37:5: 'method def modifier' has incorrect indentation level 4, expected level should be 2. [Indentation]
[WARN] C:\Projects\studyflow-saas\backend\src\main\java\com\studyflow\backend\exception\GlobalExceptionHandler.java:37:5: Missing a Javadoc comment. [MissingJavadocMethod]
[WARN] C:\Projects\studyflow-saas\backend\src\main\java\com\studyflow\backend\exception\GlobalExceptionHandler.java:38: Line is longer than 100 characters (found 104). [LineLength]
[WARN] C:\Projects\studyflow-saas\backend\src\main\java\com\studyflow\backend\exception\GlobalExceptionHandler.java:40:9: 'method def' child has incorrect indentation level 8, expected level should be 4. [Indentation]
[WARN] C:\Projects\studyflow-saas\backend\src\main\java\com\studyflow\backend\exception\GlobalExceptionHandler.java:41:9: 'method def' child has incorrect indentation level 8, expected level should be 4. [Indentation]
[WARN] C:\Projects\studyflow-saas\backend\src\main\java\com\studyflow\backend\exception\GlobalExceptionHandler.java:42:9: 'method def' child has incorrect indentation level 8, expected level should be 4. [Indentation]
[WARN] C:\Projects\studyflow-saas\backend\src\main\java\com\studyflow\backend\exception\GlobalExceptionHandler.java:43:9: 'method def' child has incorrect indentation level 8, expected level should be 4. [Indentation]
[WARN] C:\Projects\studyflow-saas\backend\src\main\java\com\studyflow\backend\exception\GlobalExceptionHandler.java:45:9: 'method def' child has incorrect indentation level 8, expected level should be 4. [Indentation]
[WARN] C:\Projects\studyflow-saas\backend\src\main\java\com\studyflow\backend\exception\GlobalExceptionHandler.java:46:5: 'method def rcurly' has incorrect indentation level 4, expected level should be 2. [Indentation]
[WARN] C:\Projects\studyflow-saas\backend\src\main\java\com\studyflow\backend\exception\GlobalExceptionHandler.java:49:5: 'method def modifier' has incorrect indentation level 4, expected level should be 2. [Indentation]
[WARN] C:\Projects\studyflow-saas\backend\src\main\java\com\studyflow\backend\exception\GlobalExceptionHandler.java:49:5: Missing a Javadoc comment. [MissingJavadocMethod]
[WARN] C:\Projects\studyflow-saas\backend\src\main\java\com\studyflow\backend\exception\GlobalExceptionHandler.java:52:9: 'method def' child has incorrect indentation level 8, expected level should be 4. [Indentation]
[WARN] C:\Projects\studyflow-saas\backend\src\main\java\com\studyflow\backend\exception\GlobalExceptionHandler.java:53:9: 'method def' child has incorrect indentation level 8, expected level should be 4. [Indentation]
[WARN] C:\Projects\studyflow-saas\backend\src\main\java\com\studyflow\backend\exception\GlobalExceptionHandler.java:54:9: 'method def' child has incorrect indentation level 8, expected level should be 4. [Indentation]
[WARN] C:\Projects\studyflow-saas\backend\src\main\java\com\studyflow\backend\exception\GlobalExceptionHandler.java:55:9: 'method def' child has incorrect indentation level 8, expected level should be 4. [Indentation]
[WARN] C:\Projects\studyflow-saas\backend\src\main\java\com\studyflow\backend\exception\GlobalExceptionHandler.java:57:9: 'method def' child has incorrect indentation level 8, expected level should be 4. [Indentation]
[WARN] C:\Projects\studyflow-saas\backend\src\main\java\com\studyflow\backend\exception\GlobalExceptionHandler.java:58:5: 'method def rcurly' has incorrect indentation level 4, expected level should be 2. [Indentation]
[WARN] C:\Projects\studyflow-saas\backend\src\main\java\com\studyflow\backend\exception\GlobalExceptionHandler.java:61:5: 'method def modifier' has incorrect indentation level 4, expected level should be 2. [Indentation]
[WARN] C:\Projects\studyflow-saas\backend\src\main\java\com\studyflow\backend\exception\GlobalExceptionHandler.java:61:5: Missing a Javadoc comment. [MissingJavadocMethod]
[WARN] C:\Projects\studyflow-saas\backend\src\main\java\com\studyflow\backend\exception\GlobalExceptionHandler.java:63:9: 'method def' child has incorrect indentation level 8, expected level should be 4. [Indentation]
[WARN] C:\Projects\studyflow-saas\backend\src\main\java\com\studyflow\backend\exception\GlobalExceptionHandler.java:64:9: 'method def' child has incorrect indentation level 8, expected level should be 4. [Indentation]
[WARN] C:\Projects\studyflow-saas\backend\src\main\java\com\studyflow\backend\exception\GlobalExceptionHandler.java:65:9: 'method def' child has incorrect indentation level 8, expected level should be 4. [Indentation]
[WARN] C:\Projects\studyflow-saas\backend\src\main\java\com\studyflow\backend\exception\GlobalExceptionHandler.java:66:9: 'method def' child has incorrect indentation level 8, expected level should be 4. [Indentation]
[WARN] C:\Projects\studyflow-saas\backend\src\main\java\com\studyflow\backend\exception\GlobalExceptionHandler.java:68:9: 'method def' child has incorrect indentation level 8, expected level should be 4. [Indentation]
[WARN] C:\Projects\studyflow-saas\backend\src\main\java\com\studyflow\backend\exception\GlobalExceptionHandler.java:69:5: 'method def rcurly' has incorrect indentation level 4, expected level should be 2. [Indentation]
[WARN] C:\Projects\studyflow-saas\backend\src\main\java\com\studyflow\backend\repository\StudyItemRepository.java:6:1: Extra separation in import group before 'java.util.List' [CustomImportOrder]
[WARN] C:\Projects\studyflow-saas\backend\src\main\java\com\studyflow\backend\repository\StudyItemRepository.java:6:1: Wrong lexicographical order for 'java.util.List' import. Should be before 'org.springframework.data.jpa.repository.JpaRepository'. [CustomImportOrder]
[WARN] C:\Projects\studyflow-saas\backend\src\main\java\com\studyflow\backend\repository\StudyItemRepository.java:8:1: Missing a Javadoc comment. [MissingJavadocType]
[WARN] C:\Projects\studyflow-saas\backend\src\main\java\com\studyflow\backend\repository\StudyItemRepository.java:10:5: 'method def modifier' has incorrect indentation level 4, expected level should be 2. [Indentation]
[WARN] C:\Projects\studyflow-saas\backend\src\main\java\com\studyflow\backend\repository\UserRepository.java:6:1: Extra separation in import group before 'java.util.Optional' [CustomImportOrder]
[WARN] C:\Projects\studyflow-saas\backend\src\main\java\com\studyflow\backend\repository\UserRepository.java:6:1: Wrong lexicographical order for 'java.util.Optional' import. Should be before 'org.springframework.data.jpa.repository.JpaRepository'. [CustomImportOrder]
[WARN] C:\Projects\studyflow-saas\backend\src\main\java\com\studyflow\backend\repository\UserRepository.java:8:1: Missing a Javadoc comment. [MissingJavadocType]
[WARN] C:\Projects\studyflow-saas\backend\src\main\java\com\studyflow\backend\repository\UserRepository.java:10:5: 'method def modifier' has incorrect indentation level 4, expected level should be 2. [Indentation]
[WARN] C:\Projects\studyflow-saas\backend\src\main\java\com\studyflow\backend\security\JwtAuthenticationFilter.java:16:1: Extra separation in import group before 'java.io.IOException' [CustomImportOrder]
[WARN] C:\Projects\studyflow-saas\backend\src\main\java\com\studyflow\backend\security\JwtAuthenticationFilter.java:16:1: Wrong lexicographical order for 'java.io.IOException' import. Should be before 'org.springframework.web.filter.OncePerRequestFilter'. [CustomImportOrder]
[WARN] C:\Projects\studyflow-saas\backend\src\main\java\com\studyflow\backend\security\JwtAuthenticationFilter.java:18:1: Missing a Javadoc comment. [MissingJavadocType]
[WARN] C:\Projects\studyflow-saas\backend\src\main\java\com\studyflow\backend\security\JwtAuthenticationFilter.java:22:5: 'member def modifier' has incorrect indentation level 4, expected level should be 2. [Indentation]
[WARN] C:\Projects\studyflow-saas\backend\src\main\java\com\studyflow\backend\security\JwtAuthenticationFilter.java:23:5: 'member def modifier' has incorrect indentation level 4, expected level should be 2. [Indentation]
[WARN] C:\Projects\studyflow-saas\backend\src\main\java\com\studyflow\backend\security\JwtAuthenticationFilter.java:25:5: 'method def modifier' has incorrect indentation level 4, expected level should be 2. [Indentation]
[WARN] C:\Projects\studyflow-saas\backend\src\main\java\com\studyflow\backend\security\JwtAuthenticationFilter.java:30:9: 'method def' child has incorrect indentation level 8, expected level should be 4. [Indentation]
[WARN] C:\Projects\studyflow-saas\backend\src\main\java\com\studyflow\backend\security\JwtAuthenticationFilter.java:31:9: 'method def' child has incorrect indentation level 8, expected level should be 4. [Indentation]
[WARN] C:\Projects\studyflow-saas\backend\src\main\java\com\studyflow\backend\security\JwtAuthenticationFilter.java:32:9: 'method def' child has incorrect indentation level 8, expected level should be 4. [Indentation]
[WARN] C:\Projects\studyflow-saas\backend\src\main\java\com\studyflow\backend\security\JwtAuthenticationFilter.java:34:9: 'if' has incorrect indentation level 8, expected level should be 4. [Indentation]
[WARN] C:\Projects\studyflow-saas\backend\src\main\java\com\studyflow\backend\security\JwtAuthenticationFilter.java:35:13: 'if' child has incorrect indentation level 12, expected level should be 6. [Indentation]
[WARN] C:\Projects\studyflow-saas\backend\src\main\java\com\studyflow\backend\security\JwtAuthenticationFilter.java:36:13: 'if' child has incorrect indentation level 12, expected level should be 6. [Indentation]
[WARN] C:\Projects\studyflow-saas\backend\src\main\java\com\studyflow\backend\security\JwtAuthenticationFilter.java:37:9: 'if rcurly' has incorrect indentation level 8, expected level should be 4. [Indentation]
[WARN] C:\Projects\studyflow-saas\backend\src\main\java\com\studyflow\backend\security\JwtAuthenticationFilter.java:39:9: 'if' has incorrect indentation level 8, expected level should be 4. [Indentation]
[WARN] C:\Projects\studyflow-saas\backend\src\main\java\com\studyflow\backend\security\JwtAuthenticationFilter.java:40:13: 'if' child has incorrect indentation level 12, expected level should be 6. [Indentation]
[WARN] C:\Projects\studyflow-saas\backend\src\main\java\com\studyflow\backend\security\JwtAuthenticationFilter.java:42:13: 'if' has incorrect indentation level 12, expected level should be 6. [Indentation]
[WARN] C:\Projects\studyflow-saas\backend\src\main\java\com\studyflow\backend\security\JwtAuthenticationFilter.java:43:17: 'if' child has incorrect indentation level 16, expected level should be 8. [Indentation]
[WARN] C:\Projects\studyflow-saas\backend\src\main\java\com\studyflow\backend\security\JwtAuthenticationFilter.java:50:17: 'if' child has incorrect indentation level 16, expected level should be 8. [Indentation]
[WARN] C:\Projects\studyflow-saas\backend\src\main\java\com\studyflow\backend\security\JwtAuthenticationFilter.java:51:17: 'if' child has incorrect indentation level 16, expected level should be 8. [Indentation]
[WARN] C:\Projects\studyflow-saas\backend\src\main\java\com\studyflow\backend\security\JwtAuthenticationFilter.java:52:13: 'if rcurly' has incorrect indentation level 12, expected level should be 6. [Indentation]
[WARN] C:\Projects\studyflow-saas\backend\src\main\java\com\studyflow\backend\security\JwtAuthenticationFilter.java:53:9: 'if rcurly' has incorrect indentation level 8, expected level should be 4. [Indentation]
[WARN] C:\Projects\studyflow-saas\backend\src\main\java\com\studyflow\backend\security\JwtAuthenticationFilter.java:55:9: 'method def' child has incorrect indentation level 8, expected level should be 4. [Indentation]
[WARN] C:\Projects\studyflow-saas\backend\src\main\java\com\studyflow\backend\security\JwtAuthenticationFilter.java:56:5: 'method def rcurly' has incorrect indentation level 4, expected level should be 2. [Indentation]
[WARN] C:\Projects\studyflow-saas\backend\src\main\java\com\studyflow\backend\security\JwtService.java:3:23: Using the '.*' form of import should be avoided - io.jsonwebtoken.*. [AvoidStarImport]
[WARN] C:\Projects\studyflow-saas\backend\src\main\java\com\studyflow\backend\security\JwtService.java:9:1: Extra separation in import group before 'javax.crypto.SecretKey' [CustomImportOrder]
[WARN] C:\Projects\studyflow-saas\backend\src\main\java\com\studyflow\backend\security\JwtService.java:9:1: Wrong lexicographical order for 'javax.crypto.SecretKey' import. Should be before 'org.springframework.stereotype.Service'. [CustomImportOrder]
[WARN] C:\Projects\studyflow-saas\backend\src\main\java\com\studyflow\backend\security\JwtService.java:10:1: Wrong lexicographical order for 'java.security.Key' import. Should be before 'org.springframework.stereotype.Service'. [CustomImportOrder]
[WARN] C:\Projects\studyflow-saas\backend\src\main\java\com\studyflow\backend\security\JwtService.java:11:1: Wrong lexicographical order for 'java.util.Date' import. Should be before 'org.springframework.stereotype.Service'. [CustomImportOrder]
[WARN] C:\Projects\studyflow-saas\backend\src\main\java\com\studyflow\backend\security\JwtService.java:13:1: Missing a Javadoc comment. [MissingJavadocType]
[WARN] C:\Projects\studyflow-saas\backend\src\main\java\com\studyflow\backend\security\JwtService.java:16:5: 'member def modifier' has incorrect indentation level 4, expected level should be 2. [Indentation]
[WARN] C:\Projects\studyflow-saas\backend\src\main\java\com\studyflow\backend\security\JwtService.java:19:5: 'method def modifier' has incorrect indentation level 4, expected level should be 2. [Indentation]
[WARN] C:\Projects\studyflow-saas\backend\src\main\java\com\studyflow\backend\security\JwtService.java:20:9: 'method def' child has incorrect indentation level 8, expected level should be 4. [Indentation]
[WARN] C:\Projects\studyflow-saas\backend\src\main\java\com\studyflow\backend\security\JwtService.java:21:5: 'method def rcurly' has incorrect indentation level 4, expected level should be 2. [Indentation]
[WARN] C:\Projects\studyflow-saas\backend\src\main\java\com\studyflow\backend\security\JwtService.java:23:5: 'method def modifier' has incorrect indentation level 4, expected level should be 2. [Indentation]
[WARN] C:\Projects\studyflow-saas\backend\src\main\java\com\studyflow\backend\security\JwtService.java:23:5: Missing a Javadoc comment. [MissingJavadocMethod]
[WARN] C:\Projects\studyflow-saas\backend\src\main\java\com\studyflow\backend\security\JwtService.java:24:9: 'method def' child has incorrect indentation level 8, expected level should be 4. [Indentation]
[WARN] C:\Projects\studyflow-saas\backend\src\main\java\com\studyflow\backend\security\JwtService.java:30:5: 'method def rcurly' has incorrect indentation level 4, expected level should be 2. [Indentation]
[WARN] C:\Projects\studyflow-saas\backend\src\main\java\com\studyflow\backend\security\JwtService.java:32:5: 'method def modifier' has incorrect indentation level 4, expected level should be 2. [Indentation]
[WARN] C:\Projects\studyflow-saas\backend\src\main\java\com\studyflow\backend\security\JwtService.java:32:5: Missing a Javadoc comment. [MissingJavadocMethod]
[WARN] C:\Projects\studyflow-saas\backend\src\main\java\com\studyflow\backend\security\JwtService.java:33:9: 'method def' child has incorrect indentation level 8, expected level should be 4. [Indentation]
[WARN] C:\Projects\studyflow-saas\backend\src\main\java\com\studyflow\backend\security\JwtService.java:39:5: 'method def rcurly' has incorrect indentation level 4, expected level should be 2. [Indentation]
[WARN] C:\Projects\studyflow-saas\backend\src\main\java\com\studyflow\backend\security\JwtService.java:41:5: 'method def modifier' has incorrect indentation level 4, expected level should be 2. [Indentation]
[WARN] C:\Projects\studyflow-saas\backend\src\main\java\com\studyflow\backend\security\JwtService.java:42:9: 'method def' child has incorrect indentation level 8, expected level should be 4. [Indentation]
[WARN] C:\Projects\studyflow-saas\backend\src\main\java\com\studyflow\backend\security\JwtService.java:43:9: 'method def' child has incorrect indentation level 8, expected level should be 4. [Indentation]
[WARN] C:\Projects\studyflow-saas\backend\src\main\java\com\studyflow\backend\security\JwtService.java:44:5: 'method def rcurly' has incorrect indentation level 4, expected level should be 2. [Indentation]
[WARN] C:\Projects\studyflow-saas\backend\src\main\java\com\studyflow\backend\security\JwtService.java:46:5: 'method def modifier' has incorrect indentation level 4, expected level should be 2. [Indentation]
[WARN] C:\Projects\studyflow-saas\backend\src\main\java\com\studyflow\backend\security\JwtService.java:47:9: 'method def' child has incorrect indentation level 8, expected level should be 4. [Indentation]
[WARN] C:\Projects\studyflow-saas\backend\src\main\java\com\studyflow\backend\security\JwtService.java:48:5: 'method def rcurly' has incorrect indentation level 4, expected level should be 2. [Indentation]
[WARN] C:\Projects\studyflow-saas\backend\src\main\java\com\studyflow\backend\security\JwtService.java:50:5: 'method def modifier' has incorrect indentation level 4, expected level should be 2. [Indentation]
[WARN] C:\Projects\studyflow-saas\backend\src\main\java\com\studyflow\backend\security\JwtService.java:51:9: 'method def' child has incorrect indentation level 8, expected level should be 4. [Indentation]
[WARN] C:\Projects\studyflow-saas\backend\src\main\java\com\studyflow\backend\security\JwtService.java:57:5: 'method def rcurly' has incorrect indentation level 4, expected level should be 2. [Indentation]
[WARN] C:\Projects\studyflow-saas\backend\src\main\java\com\studyflow\backend\service\StudyItemService.java:12:1: Extra separation in import group before 'java.time.LocalDateTime' [CustomImportOrder]
[WARN] C:\Projects\studyflow-saas\backend\src\main\java\com\studyflow\backend\service\StudyItemService.java:12:1: Wrong lexicographical order for 'java.time.LocalDateTime' import. Should be before 'org.springframework.stereotype.Service'. [CustomImportOrder]
[WARN] C:\Projects\studyflow-saas\backend\src\main\java\com\studyflow\backend\service\StudyItemService.java:13:1: Wrong lexicographical order for 'java.util.List' import. Should be before 'org.springframework.stereotype.Service'. [CustomImportOrder]
[WARN] C:\Projects\studyflow-saas\backend\src\main\java\com\studyflow\backend\service\StudyItemService.java:14:1: Wrong lexicographical order for 'java.util.stream.Collectors' import. Should be before 'org.springframework.stereotype.Service'. [CustomImportOrder]
[WARN] C:\Projects\studyflow-saas\backend\src\main\java\com\studyflow\backend\service\StudyItemService.java:16:1: Missing a Javadoc comment. [MissingJavadocType]
[WARN] C:\Projects\studyflow-saas\backend\src\main\java\com\studyflow\backend\service\StudyItemService.java:20:5: 'member def modifier' has incorrect indentation level 4, expected level should be 2. [Indentation]
[WARN] C:\Projects\studyflow-saas\backend\src\main\java\com\studyflow\backend\service\StudyItemService.java:21:5: 'member def modifier' has incorrect indentation level 4, expected level should be 2. [Indentation]
[WARN] C:\Projects\studyflow-saas\backend\src\main\java\com\studyflow\backend\service\StudyItemService.java:23:5: 'method def modifier' has incorrect indentation level 4, expected level should be 2. [Indentation]
[WARN] C:\Projects\studyflow-saas\backend\src\main\java\com\studyflow\backend\service\StudyItemService.java:23:5: Missing a Javadoc comment. [MissingJavadocMethod]
[WARN] C:\Projects\studyflow-saas\backend\src\main\java\com\studyflow\backend\service\StudyItemService.java:24:9: 'method def' child has incorrect indentation level 8, expected level should be 4. [Indentation]
[WARN] C:\Projects\studyflow-saas\backend\src\main\java\com\studyflow\backend\service\StudyItemService.java:26:9: 'method def' child has incorrect indentation level 8, expected level should be 4. [Indentation]
[WARN] C:\Projects\studyflow-saas\backend\src\main\java\com\studyflow\backend\service\StudyItemService.java:33:9: 'method def' child has incorrect indentation level 8, expected level should be 4. [Indentation]
[WARN] C:\Projects\studyflow-saas\backend\src\main\java\com\studyflow\backend\service\StudyItemService.java:34:5: 'method def rcurly' has incorrect indentation level 4, expected level should be 2. [Indentation]
[WARN] C:\Projects\studyflow-saas\backend\src\main\java\com\studyflow\backend\service\StudyItemService.java:36:5: 'method def modifier' has incorrect indentation level 4, expected level should be 2. [Indentation]
[WARN] C:\Projects\studyflow-saas\backend\src\main\java\com\studyflow\backend\service\StudyItemService.java:36:5: Missing a Javadoc comment. [MissingJavadocMethod]
[WARN] C:\Projects\studyflow-saas\backend\src\main\java\com\studyflow\backend\service\StudyItemService.java:37:9: 'method def' child has incorrect indentation level 8, expected level should be 4. [Indentation]
[WARN] C:\Projects\studyflow-saas\backend\src\main\java\com\studyflow\backend\service\StudyItemService.java:40:9: 'if' has incorrect indentation level 8, expected level should be 4. [Indentation]
[WARN] C:\Projects\studyflow-saas\backend\src\main\java\com\studyflow\backend\service\StudyItemService.java:41:13: 'if' child has incorrect indentation level 12, expected level should be 6. [Indentation]
[WARN] C:\Projects\studyflow-saas\backend\src\main\java\com\studyflow\backend\service\StudyItemService.java:42:9: 'if rcurly' has incorrect indentation level 8, expected level should be 4. [Indentation]
[WARN] C:\Projects\studyflow-saas\backend\src\main\java\com\studyflow\backend\service\StudyItemService.java:44:9: 'method def' child has incorrect indentation level 8, expected level should be 4. [Indentation]
[WARN] C:\Projects\studyflow-saas\backend\src\main\java\com\studyflow\backend\service\StudyItemService.java:45:9: 'method def' child has incorrect indentation level 8, expected level should be 4. [Indentation]
[WARN] C:\Projects\studyflow-saas\backend\src\main\java\com\studyflow\backend\service\StudyItemService.java:47:9: 'method def' child has incorrect indentation level 8, expected level should be 4. [Indentation]
[WARN] C:\Projects\studyflow-saas\backend\src\main\java\com\studyflow\backend\service\StudyItemService.java:48:5: 'method def rcurly' has incorrect indentation level 4, expected level should be 2. [Indentation]
[WARN] C:\Projects\studyflow-saas\backend\src\main\java\com\studyflow\backend\service\StudyItemService.java:50:5: 'method def modifier' has incorrect indentation level 4, expected level should be 2. [Indentation]
[WARN] C:\Projects\studyflow-saas\backend\src\main\java\com\studyflow\backend\service\StudyItemService.java:50:5: Missing a Javadoc comment. [MissingJavadocMethod]
[WARN] C:\Projects\studyflow-saas\backend\src\main\java\com\studyflow\backend\service\StudyItemService.java:51:9: 'method def' child has incorrect indentation level 8, expected level should be 4. [Indentation]
[WARN] C:\Projects\studyflow-saas\backend\src\main\java\com\studyflow\backend\service\StudyItemService.java:54:9: 'if' has incorrect indentation level 8, expected level should be 4. [Indentation]
[WARN] C:\Projects\studyflow-saas\backend\src\main\java\com\studyflow\backend\service\StudyItemService.java:55:13: 'if' child has incorrect indentation level 12, expected level should be 6. [Indentation]
[WARN] C:\Projects\studyflow-saas\backend\src\main\java\com\studyflow\backend\service\StudyItemService.java:56:9: 'if rcurly' has incorrect indentation level 8, expected level should be 4. [Indentation]
[WARN] C:\Projects\studyflow-saas\backend\src\main\java\com\studyflow\backend\service\StudyItemService.java:58:9: 'method def' child has incorrect indentation level 8, expected level should be 4. [Indentation]
[WARN] C:\Projects\studyflow-saas\backend\src\main\java\com\studyflow\backend\service\StudyItemService.java:59:5: 'method def rcurly' has incorrect indentation level 4, expected level should be 2. [Indentation]
[WARN] C:\Projects\studyflow-saas\backend\src\main\java\com\studyflow\backend\service\StudyItemService.java:61:5: 'method def modifier' has incorrect indentation level 4, expected level should be 2. [Indentation]
[WARN] C:\Projects\studyflow-saas\backend\src\main\java\com\studyflow\backend\service\StudyItemService.java:61:5: Missing a Javadoc comment. [MissingJavadocMethod]
[WARN] C:\Projects\studyflow-saas\backend\src\main\java\com\studyflow\backend\service\StudyItemService.java:62:9: 'method def' child has incorrect indentation level 8, expected level should be 4. [Indentation]
[WARN] C:\Projects\studyflow-saas\backend\src\main\java\com\studyflow\backend\service\StudyItemService.java:66:5: 'method def rcurly' has incorrect indentation level 4, expected level should be 2. [Indentation]
[WARN] C:\Projects\studyflow-saas\backend\src\main\java\com\studyflow\backend\service\StudyItemService.java:68:5: 'method def modifier' has incorrect indentation level 4, expected level should be 2. [Indentation]
[WARN] C:\Projects\studyflow-saas\backend\src\main\java\com\studyflow\backend\service\StudyItemService.java:69:9: 'method def' child has incorrect indentation level 8, expected level should be 4. [Indentation]
[WARN] C:\Projects\studyflow-saas\backend\src\main\java\com\studyflow\backend\service\StudyItemService.java:75:5: 'method def rcurly' has incorrect indentation level 4, expected level should be 2. [Indentation]
[WARN] C:\Projects\studyflow-saas\backend\src\main\java\com\studyflow\backend\service\UserDetailsServiceImpl.java:11:1: Extra separation in import group before 'org.springframework.security.core.authority.SimpleGrantedAuthority' [CustomImportOrder]
[WARN] C:\Projects\studyflow-saas\backend\src\main\java\com\studyflow\backend\service\UserDetailsServiceImpl.java:11:1: Wrong lexicographical order for 'org.springframework.security.core.authority.SimpleGrantedAuthority' import. Should be before 'org.springframework.stereotype.Service'. [CustomImportOrder]
[WARN] C:\Projects\studyflow-saas\backend\src\main\java\com\studyflow\backend\service\UserDetailsServiceImpl.java:12:1: Wrong lexicographical order for 'java.util.List' import. Should be before 'org.springframework.stereotype.Service'. [CustomImportOrder]
[WARN] C:\Projects\studyflow-saas\backend\src\main\java\com\studyflow\backend\service\UserDetailsServiceImpl.java:14:1: Extra separation in import group before 'java.util.Collections' [CustomImportOrder]
[WARN] C:\Projects\studyflow-saas\backend\src\main\java\com\studyflow\backend\service\UserDetailsServiceImpl.java:14:1: Wrong lexicographical order for 'java.util.Collections' import. Should be before 'org.springframework.stereotype.Service'. [CustomImportOrder]
[WARN] C:\Projects\studyflow-saas\backend\src\main\java\com\studyflow\backend\service\UserDetailsServiceImpl.java:16:1: Missing a Javadoc comment. [MissingJavadocType]
[WARN] C:\Projects\studyflow-saas\backend\src\main\java\com\studyflow\backend\service\UserDetailsServiceImpl.java:20:5: 'member def modifier' has incorrect indentation level 4, expected level should be 2. [Indentation]
[WARN] C:\Projects\studyflow-saas\backend\src\main\java\com\studyflow\backend\service\UserDetailsServiceImpl.java:22:5: 'method def modifier' has incorrect indentation level 4, expected level should be 2. [Indentation]
[WARN] C:\Projects\studyflow-saas\backend\src\main\java\com\studyflow\backend\service\UserDetailsServiceImpl.java:25:9: 'method def' child has incorrect indentation level 8, expected level should be 4. [Indentation]
[WARN] C:\Projects\studyflow-saas\backend\src\main\java\com\studyflow\backend\service\UserDetailsServiceImpl.java:29:9: 'method def' child has incorrect indentation level 8, expected level should be 4. [Indentation]
[WARN] C:\Projects\studyflow-saas\backend\src\main\java\com\studyflow\backend\service\UserDetailsServiceImpl.java:34:5: 'method def rcurly' has incorrect indentation level 4, expected level should be 2. [Indentation]
[WARN] C:\Projects\studyflow-saas\backend\src\main\java\com\studyflow\backend\service\UserService.java:13:1: Extra separation in import group before 'java.util.List' [CustomImportOrder]
[WARN] C:\Projects\studyflow-saas\backend\src\main\java\com\studyflow\backend\service\UserService.java:13:1: Wrong lexicographical order for 'java.util.List' import. Should be before 'org.springframework.stereotype.Service'. [CustomImportOrder]
[WARN] C:\Projects\studyflow-saas\backend\src\main\java\com\studyflow\backend\service\UserService.java:15:1: Missing a Javadoc comment. [MissingJavadocType]
[WARN] C:\Projects\studyflow-saas\backend\src\main\java\com\studyflow\backend\service\UserService.java:19:5: 'member def modifier' has incorrect indentation level 4, expected level should be 2. [Indentation]
[WARN] C:\Projects\studyflow-saas\backend\src\main\java\com\studyflow\backend\service\UserService.java:21:5: 'member def modifier' has incorrect indentation level 4, expected level should be 2. [Indentation]
[WARN] C:\Projects\studyflow-saas\backend\src\main\java\com\studyflow\backend\service\UserService.java:22:5: 'member def modifier' has incorrect indentation level 4, expected level should be 2. [Indentation]
[WARN] C:\Projects\studyflow-saas\backend\src\main\java\com\studyflow\backend\service\UserService.java:24:5: 'method def modifier' has incorrect indentation level 4, expected level should be 2. [Indentation]
[WARN] C:\Projects\studyflow-saas\backend\src\main\java\com\studyflow\backend\service\UserService.java:24:5: Missing a Javadoc comment. [MissingJavadocMethod]
[WARN] C:\Projects\studyflow-saas\backend\src\main\java\com\studyflow\backend\service\UserService.java:25:9: 'method def' child has incorrect indentation level 8, expected level should be 4. [Indentation]
[WARN] C:\Projects\studyflow-saas\backend\src\main\java\com\studyflow\backend\service\UserService.java:27:9: 'method def' child has incorrect indentation level 8, expected level should be 4. [Indentation]
[WARN] C:\Projects\studyflow-saas\backend\src\main\java\com\studyflow\backend\service\UserService.java:33:9: 'method def' child has incorrect indentation level 8, expected level should be 4. [Indentation]
[WARN] C:\Projects\studyflow-saas\backend\src\main\java\com\studyflow\backend\service\UserService.java:34:9: 'method def' child has incorrect indentation level 8, expected level should be 4. [Indentation]
[WARN] C:\Projects\studyflow-saas\backend\src\main\java\com\studyflow\backend\service\UserService.java:36:9: 'method def' child has incorrect indentation level 8, expected level should be 4. [Indentation]
[WARN] C:\Projects\studyflow-saas\backend\src\main\java\com\studyflow\backend\service\UserService.java:41:5: 'method def rcurly' has incorrect indentation level 4, expected level should be 2. [Indentation]
[WARN] C:\Projects\studyflow-saas\backend\src\main\java\com\studyflow\backend\service\UserService.java:43:5: 'method def modifier' has incorrect indentation level 4, expected level should be 2. [Indentation]
[WARN] C:\Projects\studyflow-saas\backend\src\main\java\com\studyflow\backend\service\UserService.java:43:5: Missing a Javadoc comment. [MissingJavadocMethod]
[WARN] C:\Projects\studyflow-saas\backend\src\main\java\com\studyflow\backend\service\UserService.java:44:9: 'method def' child has incorrect indentation level 8, expected level should be 4. [Indentation]
[WARN] C:\Projects\studyflow-saas\backend\src\main\java\com\studyflow\backend\service\UserService.java:45:9: 'method def' child has incorrect indentation level 8, expected level should be 4. [Indentation]
[WARN] C:\Projects\studyflow-saas\backend\src\main\java\com\studyflow\backend\service\UserService.java:46:9: 'method def' child has incorrect indentation level 8, expected level should be 4. [Indentation]
[WARN] C:\Projects\studyflow-saas\backend\src\main\java\com\studyflow\backend\service\UserService.java:48:9: 'method def' child has incorrect indentation level 8, expected level should be 4. [Indentation]
[WARN] C:\Projects\studyflow-saas\backend\src\main\java\com\studyflow\backend\service\UserService.java:55:5: 'method def rcurly' has incorrect indentation level 4, expected level should be 2. [Indentation]
[WARN] C:\Projects\studyflow-saas\backend\src\main\java\com\studyflow\backend\service\UserService.java:57:5: 'method def modifier' has incorrect indentation level 4, expected level should be 2. [Indentation]
[WARN] C:\Projects\studyflow-saas\backend\src\main\java\com\studyflow\backend\service\UserService.java:57:5: Missing a Javadoc comment. [MissingJavadocMethod]
[WARN] C:\Projects\studyflow-saas\backend\src\main\java\com\studyflow\backend\service\UserService.java:58:9: 'method def' child has incorrect indentation level 8, expected level should be 4. [Indentation]
[WARN] C:\Projects\studyflow-saas\backend\src\main\java\com\studyflow\backend\service\UserService.java:59:9: 'method def' child has incorrect indentation level 8, expected level should be 4. [Indentation]
[WARN] C:\Projects\studyflow-saas\backend\src\main\java\com\studyflow\backend\service\UserService.java:61:9: 'method def' child has incorrect indentation level 8, expected level should be 4. [Indentation]
[WARN] C:\Projects\studyflow-saas\backend\src\main\java\com\studyflow\backend\service\UserService.java:66:5: 'method def rcurly' has incorrect indentation level 4, expected level should be 2. [Indentation]
Audit done.
[INFO] You have 0 Checkstyle violations.
[INFO] 
[INFO] --- jacoco:0.8.10:prepare-agent (default) @ backend ---
[INFO] argLine set to -javaagent:C:\\Users\\conta\\.m2\\repository\\org\\jacoco\\org.jacoco.agent\\0.8.10\\org.jacoco.agent-0.8.10-runtime.jar=destfile=C:\\Projects\\studyflow-saas\\backend\\target\\jacoco.exec
[INFO] 
[INFO] --- resources:3.3.1:resources (default-resources) @ backend ---
[INFO] Copying 4 resources from src\main\resources to target\classes
[INFO] Copying 0 resource from src\main\resources to target\classes
[INFO] 
[INFO] --- compiler:3.13.0:compile (default-compile) @ backend ---
[INFO] Nothing to compile - all classes are up to date.
[INFO] 
[INFO] --- resources:3.3.1:testResources (default-testResources) @ backend ---
[INFO] Copying 1 resource from src\test\resources to target\test-classes
[INFO] 
[INFO] --- compiler:3.13.0:testCompile (default-testCompile) @ backend ---
[INFO] Recompiling the module because of changed source code.
[INFO] Compiling 9 source files with javac [debug parameters release 21] to target\test-classes
[INFO] -------------------------------------------------------------
[ERROR] COMPILATION ERROR : 
[INFO] -------------------------------------------------------------
[ERROR] /C:/Projects/studyflow-saas/backend/src/test/java/com/studyflow/backend/integration/EndToEndIntegrationTest.java:[241,17] cannot find symbol
  symbol:   method extract()
  location: interface io.restassured.response.Response
[INFO] 1 error
[INFO] -------------------------------------------------------------
[INFO] ------------------------------------------------------------------------
[INFO] BUILD FAILURE
[INFO] ------------------------------------------------------------------------
[INFO] Total time:  7.655 s
[INFO] Finished at: 2026-04-03T22:40:55-03:00
[INFO] ------------------------------------------------------------------------
[ERROR] Failed to execute goal org.apache.maven.plugins:maven-compiler-plugin:3.13.0:testCompile (default-testCompile) on project backend: Compilation failure
[ERROR] /C:/Projects/studyflow-saas/backend/src/test/java/com/studyflow/backend/integration/EndToEndIntegrationTest.java:[241,17] cannot find symbol
[ERROR]   symbol:   method extract()
[ERROR]   location: interface io.restassured.response.Response
[ERROR] -> [Help 1]
[ERROR] 
[ERROR] To see the full stack trace of the errors, re-run Maven with the -e switch.
[ERROR] Re-run Maven using the -X switch to enable full debug logging.
[ERROR] 
[ERROR] For more information about the errors and possible solutions, please read the following articles:
[ERROR] [Help 1] http://cwiki.apache.org/confluence/display/MAVEN/MojoFailureException
